{
    "autoload": {
        "classmap": [
            "packages/merge/tests/tests/Package/SourceIdenticalNamespaces/PackageA/Something.php",
            "packages/merge/tests/Package/SourceIdenticalNamespaces/PackageA/lib/",
            "packages/merge/tests/Package/SourceIdenticalNamespaces/PackageA/src/"
        ],
        "exclude-from-classmap": [
            "packages/merge/tests/Package/SourceIdenticalNamespaces/PackageA/Tests/",
            "packages/merge/tests/Package/SourceIdenticalNamespaces/PackageA/test/",
            "packages/merge/tests/Package/SourceIdenticalNamespaces/PackageA/packages/merge/tests/"
        ],
        "files": [
            "packages/merge/tests/Package/SourceIdenticalNamespaces/PackageA/src/MyLibrary/functions.php"
        ],
        "psr-0": {
            "": "packages/merge/tests/Package/SourceIdenticalNamespaces/PackageA/src/",
            "Monolog\\": "packages/merge/tests/Package/SourceIdenticalNamespaces/PackageA/src/",
            "UniqueGlobalClass": "packages/merge/tests/Package/SourceIdenticalNamespaces/PackageA/",
            "Vendor\\Namespace\\": [
                "packages/merge/tests/Package/SourceIdenticalNamespaces/PackageA/lib/",
                "packages/merge/tests/Package/SourceIdenticalNamespaces/PackageA/src/"
            ],
            "Vendor_Namespace_": "packages/merge/tests/Package/SourceIdenticalNamespaces/PackageA/src/"
        },
        "psr-4": {
            "App\\Collection\\": [
                "packages/merge/tests/Package/SourceIdenticalNamespaces/PackageA/src/collection",
                "packages/merge/tests/Package/SourceIdenticalNamespaces/PackageB/src/collection"
            ],
            "App\\Core\\": [
                "packages/merge/tests/Package/SourceIdenticalNamespaces/PackageA/src/core",
                "packages/merge/tests/Package/SourceIdenticalNamespaces/PackageB/src/core-extension"
            ],
            "App\\FixedArray\\": [
                "packages/merge/tests/Package/SourceIdenticalNamespaces/PackageA/src/array",
                "packages/merge/tests/Package/SourceIdenticalNamespaces/PackageA/src/list"
            ],
            "App\\Model\\": [
                "packages/merge/tests/Package/SourceIdenticalNamespaces/PackageB/src/interfaces",
                "packages/merge/tests/Package/SourceIdenticalNamespaces/SubA/PackageC/src/models"
            ],
            "App\\Shared\\": [
                "packages/merge/tests/Package/SourceIdenticalNamespaces/PackageA/src/shared",
                "packages/merge/tests/Package/SourceIdenticalNamespaces/PackageB/src/shared"
            ],
            "App\\Sub\\": [
                "packages/merge/tests/Package/SourceIdenticalNamespaces/SubA/PackageC/src/package-c",
                "packages/merge/tests/Package/SourceIdenticalNamespaces/SubB/PackageD/src/package-d"
            ],
            "App\\YetAnother\\": [
                "packages/merge/tests/Package/SourceIdenticalNamespaces/PackageA/src",
                "packages/merge/tests/Package/SourceIdenticalNamespaces/PackageB/src"
            ]
        }
    }
}
